inline.count ok
inline.bold ok
inline.code ok
inline.italic ok
heading.count ok
heading.kind ok
heading.h1 ok
heading.h3.dim ok
heading.text ok
bullet.count ok
bullet.accent ok
bullet.base ok
bullet.text ok
qr.count ok
qr.quote ok
qr.rule ok
qr.quote.accent ok
qr.rule.muted ok
qr.text ok
fence.count ok
fence.code.complete ok
fence.body ok
fence.after ok
fence2.count ok
fence2.embedded ok
wrap.row0 ok
wrap.row1 ok
long.row0 ok
long.row1 ok
inc.open ok
inc.incomplete ok
inc.two ok
inc.complete ok
setwidth.height ok
ansi.text ok
