ok has-identity
ok has-rules-never-invent
ok has-rules-read-before-edit
ok has-rules-report-failures
ok has-rules-keep-short
ok has-env-header
ok has-env-cwd
ok has-env-platform
ok has-env-date
ok has-skills-instruction
ok has-desc-read
ok has-desc-bash
ok has-desc-edit
ok has-desc-write
ok has-desc-ls
ok has-desc-ls-hidden
ok has-desc-find
ok has-desc-find-cap
ok has-desc-grep
ok has-desc-grep-cap
ok end-single-newline
ok xml-addendum-open
ok xml-addendum-close
ok xml-project-open
ok xml-project-close
ok xml-skills-open
ok xml-skills-close
ok xml-skill-open
ok xml-skill-close
ok nest-addendum
ok nest-project
ok nest-skills
ok nest-skill
ok boundary-addendum-project
ok boundary-project-skills
ok boundary-skills-skill
ok boundary-skill-skills
ok once-environment
ok once-rules
ok once-tools
ok absent-dash-read
ok absent-cache-control
ok absent-ephemeral
ok absent-name-tag
ok absent-description-tag
ok absent-location-tag
ok anthropic-system-block
ok anthropic-no-parallel
ok openai-chat-system-first
ok openai-chat-no-parallel
ok responses-instructions
ok responses-has-prompt
ok responses-no-system-role
ok responses-tool-choice
ok responses-parallel-tool-calls
ok ollama-max-tokens
ok ollama-no-max-completion
ok ollama-cloud-max-tokens
ok ollama-cloud-no-max-completion
ok non-ollama-max-completion
ok non-ollama-no-max-tokens
ok has-env-platform-production
ok has-env-date-production
ok sys-eq-anth-chat
ok sys-eq-chat-resp
ok sys-eq-anth-prompt
ok date-epoch
ok date-leap-day
ok date-century-nonleap
ok date-2038-boundary
ok date-recent
ok date-month-rollover
prompt composition done
