> run the checks
Let me check.
[bash] {"command": "echo hi"}                         | 0ms






queued 2: "queued one" (esc aborts)
────────────────────────────────────────────────────────────

────────────────────────────────────────────────────────────
anthropic/claude-sonnet-4-5 | think:medium | tok:10/25 | 0ms
[bash] {"command": "echo hi"}                        ok 0ms
 hi
 [exit 0]

Drained one.
> queued one
Drained two.
> queued two
Drained three.

────────────────────────────────────────────────────────────

────────────────────────────────────────────────────────────
anthropic/claude-sonnet-4-5 | think:medium | tok:160/3 ready
