[2m[90mopcode 0.1.0
tools: read, bash, edit, write, ls, find, grep, hello[0m
[?7l[0m[90m[49m[2m────────────────────────────────────────
[0m[37m[49mhi[0m[37m[49m[7m 
[0m[90m[49m[2m────────────────────────────────────────
[0m[90m[40manthropic/claude-sonnet-4-5 | thin ready[?7h[2A[2C[1A[J[?7l[0m[90m[49m[2m────────────────────────────────────────
[0m[37m[49mhithere[0m[37m[49m[7m 
[0m[90m[49m[2m────────────────────────────────────────
[0m[90m[40manthropic/claude-sonnet-4-5 | thin ready[?7h[2A[7C[1A[J[?7l[0m[90m[49m[2m────────────────────────────────────────
[0m[37m[49mhithere[0m[37m[49m[7m 
[0m[90m[49m[2m────────────────────────────────────────
[0m[90m[40manthropic/claude-sonnet-4-5 | thin ready[?7h[2A[7C[1A[J